// Jest Snapshot v1, https://goo.gl/fbAQLP

exports[`<NavigationBar /> renders correctly 1`] = `
<header
  className="App-header container"
  data-testid="app-header"
>
  <nav
    className="navbar navbar-expand-md navbar-light bg-light"
    data-testid="navbar"
  >
    <div
      className="container"
    >
      <a
        className="navbar-brand"
        data-testid="navbar-brand"
        href="/"
      >
        <img
          alt="Youtube logo"
          className="d-inline-block align-top"
          data-testid="navbar-brand-img"
          height="30"
          src="youtube-icon.png"
          width="40"
        />
         
        Stats
      </a>
      <button
        aria-controls="responsive-navbar-nav"
        aria-label="Toggle navigation"
        className="navbar-toggler collapsed"
        onClick={[Function]}
        type="button"
      >
        <span
          className="navbar-toggler-icon"
        />
      </button>
      <div
        aria-expanded={null}
        className="justify-content-end navbar-collapse collapse"
        data-testid="navbar-collapse-content"
        id="responsive-navbar-nav"
      >
        <div
          className="nav-item"
        >
          <button
            className="signout-btn"
            data-testid="navbar-item-logout-btn"
            disabled={true}
            onClick={[Function]}
          >
            Sign out
          </button>
        </div>
      </div>
    </div>
  </nav>
</header>
`;
